========================================================================
第 1 轮：向行动派追问（带个人条件）
========================================================================
[mode=generated] 行动派：房贷和存款是硬约束，我不否认。但真正要问的不是「能不能辞」，而是「现在这份工作还在怎么消耗你」——如果每天醒来就开始熬，4 个月后你连投简历的力气都可能没有，那才是更大的代价。孩子生病这类家庭事，恰恰说明你需要的是能喘气、能照顾家的状态，不是硬撑到崩。先想清楚：你是想逃，还是想换一种活法？

========================================================================
第 2 轮：同一席继续追问（测记忆 —— 能不能记住上一轮的条件）
========================================================================
[mode=generated] 行动派：房贷是实打实的约束，我不会说走就走的潇洒话。但你要分清：是「房贷逼你不能走」，还是「你拿房贷当不敢动的借口」。前者是现实，后者是拖延。真被房贷锁死，就更该趁还能动时把退路摸清，而不是耗到身心垮了、连谈条件的力气都没有。你上次认真想过，自己现在的状态还能撑几个月？

========================================================================
第 3 轮：换到现实派问同一个问题（测席位不串味）
========================================================================
[mode=generated] 现实派：4个月存款对8000房贷，等于每月固定支出先吃掉一块，求职周期又没法预测。先问自己：现金流能撑几个月不借钱？有没有副业、家人支持或降薪接受过渡岗？安全线建议留6个月刚性支出，达不到就先在职投简历。你现在的替代方案到底是什么？

========================================================================
第 4 轮：碰撞（质疑 + 回应）
========================================================================
[mode=generated]
  现实派质疑：4个月存款，交完房租和社保还剩多少？万一第5个月还没offer，你是打算降薪接烂工作，还是灰溜溜回去求收留？

  行动派回应：我接住这个风险：4个月确实只够喘口气，不是安全垫。所以我给自己划了线——到期没结果就接过渡性工作，绝不硬扛。但眼下这口气不喘，我连面试的力气都没有。

  主持人：一个算的是兜底期限，一个赌的是回血速度。分歧在于：先保命还是先保现金流。

========================================================================
第 5 轮：隐藏分歧（测 --- 能不能引用上面真实发生的对话）
========================================================================
[mode=generated]
  [1] 哪种损失更难恢复
      现实派算的是钱花光后的退路，行动派算的是耗竭后连面试力气都没了。
  [2] 到底几个月才该动
      现实派默认4个月不够所以不该辞，行动派把4个月当成必须设红线的启动条件。
  [3] 过渡工作算不算退路
      现实派把降薪接烂工作当失败收场，行动派提前把它列为计划内的安全阀。

========================================================================
第 6 轮：第三席（测 --- 能不能给出用户没想到的角度）
========================================================================
[mode=generated origin=ai_synthesis]
  名称：损失可逆性视角
  重构：不是「裸辞值不值」，而是：你这次要承担的主要损失，是能补回来的，还是补不回来的？先给损失分类，再决定动不动。
  工具：拿张纸分两栏写：左边「钱和简历」，右边「睡眠、情绪、和家人的关系」。左边是可逆损失，右边是可逆性差得多的损失。；给右栏每一项标：这件事再拖三个月，是会自己缓过来，还是会继续烂下去。会继续烂的，才是你真正的成本。；设一个可回头的日期和数字（比如三个月、存款剩多少），到点就只回答一个问题：左栏的损失我补得回来吗？补得回来就继续，补不回来就收手。
  发言：两位的分歧不是勇气大小，是各自默认了不同的「不可逆项」：一位把就业窗口当不可逆，一位把这段日子的状态当不可逆。你们在比两种损失谁更难补，但都没说清自己算的是哪一栏。至于哪个真的更难恢复，我这边没有足够材料替你判定——那取决于你手里还剩多少可回头的余地。

========================================================================
第 7 轮：结果卡
========================================================================
[mode=generated]
  中心问题：四个月存款，够不够撑一次裸辞？
    - 房租社保啃存款  [conflict]  <- realist
    - 喘口气还是安全垫  [premise]  <- action
    - 哪种损失更难恢复  [perspectiv